ARM GAS  C:\Users\sub\AppData\Local\Temp\ccgTO9cj.s 			page 1


   1              		.cpu cortex-m4
   2              		.arch armv7e-m
   3              		.fpu fpv4-sp-d16
   4              		.eabi_attribute 27, 1
   5              		.eabi_attribute 28, 1
   6              		.eabi_attribute 20, 1
   7              		.eabi_attribute 21, 1
   8              		.eabi_attribute 23, 3
   9              		.eabi_attribute 24, 1
  10              		.eabi_attribute 25, 1
  11              		.eabi_attribute 26, 1
  12              		.eabi_attribute 30, 1
  13              		.eabi_attribute 34, 1
  14              		.eabi_attribute 18, 4
  15              		.file	"main.c"
  16              		.text
  17              	.Ltext0:
  18              		.cfi_sections	.debug_frame
  19              		.section	.text.MX_GPIO_Init,"ax",%progbits
  20              		.align	1
  21              		.syntax unified
  22              		.thumb
  23              		.thumb_func
  25              	MX_GPIO_Init:
  26              	.LFB132:
  27              		.file 1 "Core/Src/main.c"
   1:Core/Src/main.c **** /* USER CODE BEGIN Header */
   2:Core/Src/main.c **** /**
   3:Core/Src/main.c ****   ******************************************************************************
   4:Core/Src/main.c ****   * @file           : main.c
   5:Core/Src/main.c ****   * @brief          : Main program body
   6:Core/Src/main.c ****   ******************************************************************************
   7:Core/Src/main.c ****   * @attention
   8:Core/Src/main.c ****   *
   9:Core/Src/main.c ****   * Copyright (c) 2024 STMicroelectronics.
  10:Core/Src/main.c ****   * All rights reserved.
  11:Core/Src/main.c ****   *
  12:Core/Src/main.c ****   * This software is licensed under terms that can be found in the LICENSE file
  13:Core/Src/main.c ****   * in the root directory of this software component.
  14:Core/Src/main.c ****   * If no LICENSE file comes with this software, it is provided AS-IS.
  15:Core/Src/main.c ****   *
  16:Core/Src/main.c ****   ******************************************************************************
  17:Core/Src/main.c ****   */
  18:Core/Src/main.c **** /* USER CODE END Header */
  19:Core/Src/main.c **** /* Includes ------------------------------------------------------------------*/
  20:Core/Src/main.c **** #include "main.h"
  21:Core/Src/main.c **** 
  22:Core/Src/main.c **** /* Private includes ----------------------------------------------------------*/
  23:Core/Src/main.c **** /* USER CODE BEGIN Includes */
  24:Core/Src/main.c **** 
  25:Core/Src/main.c **** /* USER CODE END Includes */
  26:Core/Src/main.c **** 
  27:Core/Src/main.c **** /* Private typedef -----------------------------------------------------------*/
  28:Core/Src/main.c **** /* USER CODE BEGIN PTD */
  29:Core/Src/main.c **** 
  30:Core/Src/main.c **** /* USER CODE END PTD */
  31:Core/Src/main.c **** 
ARM GAS  C:\Users\sub\AppData\Local\Temp\ccgTO9cj.s 			page 2


  32:Core/Src/main.c **** /* Private define ------------------------------------------------------------*/
  33:Core/Src/main.c **** /* USER CODE BEGIN PD */
  34:Core/Src/main.c **** 
  35:Core/Src/main.c **** /* USER CODE END PD */
  36:Core/Src/main.c **** 
  37:Core/Src/main.c **** /* Private macro -------------------------------------------------------------*/
  38:Core/Src/main.c **** /* USER CODE BEGIN PM */
  39:Core/Src/main.c **** 
  40:Core/Src/main.c **** /* USER CODE END PM */
  41:Core/Src/main.c **** 
  42:Core/Src/main.c **** /* Private variables ---------------------------------------------------------*/
  43:Core/Src/main.c **** 
  44:Core/Src/main.c **** /* USER CODE BEGIN PV */
  45:Core/Src/main.c **** uint8_t toggle = 0;
  46:Core/Src/main.c **** /* USER CODE END PV */
  47:Core/Src/main.c **** 
  48:Core/Src/main.c **** /* Private function prototypes -----------------------------------------------*/
  49:Core/Src/main.c **** void SystemClock_Config(void);
  50:Core/Src/main.c **** static void MX_GPIO_Init(void);
  51:Core/Src/main.c **** /* USER CODE BEGIN PFP */
  52:Core/Src/main.c **** 
  53:Core/Src/main.c **** /* USER CODE END PFP */
  54:Core/Src/main.c **** 
  55:Core/Src/main.c **** /* Private user code ---------------------------------------------------------*/
  56:Core/Src/main.c **** /* USER CODE BEGIN 0 */
  57:Core/Src/main.c **** 
  58:Core/Src/main.c **** /* USER CODE END 0 */
  59:Core/Src/main.c **** 
  60:Core/Src/main.c **** /**
  61:Core/Src/main.c ****   * @brief  The application entry point.
  62:Core/Src/main.c ****   * @retval int
  63:Core/Src/main.c ****   */
  64:Core/Src/main.c **** int main(void)
  65:Core/Src/main.c **** {
  66:Core/Src/main.c ****   /* USER CODE BEGIN 1 */
  67:Core/Src/main.c **** 
  68:Core/Src/main.c ****   /* USER CODE END 1 */
  69:Core/Src/main.c **** 
  70:Core/Src/main.c ****   /* MCU Configuration--------------------------------------------------------*/
  71:Core/Src/main.c **** 
  72:Core/Src/main.c ****   /* Reset of all peripherals, Initializes the Flash interface and the Systick. */
  73:Core/Src/main.c ****   HAL_Init();
  74:Core/Src/main.c **** 
  75:Core/Src/main.c ****   /* USER CODE BEGIN Init */
  76:Core/Src/main.c **** 
  77:Core/Src/main.c ****   /* USER CODE END Init */
  78:Core/Src/main.c **** 
  79:Core/Src/main.c ****   /* Configure the system clock */
  80:Core/Src/main.c ****   SystemClock_Config();
  81:Core/Src/main.c **** 
  82:Core/Src/main.c ****   /* USER CODE BEGIN SysInit */
  83:Core/Src/main.c **** 
  84:Core/Src/main.c ****   /* USER CODE END SysInit */
  85:Core/Src/main.c **** 
  86:Core/Src/main.c ****   /* Initialize all configured peripherals */
  87:Core/Src/main.c ****   MX_GPIO_Init();
  88:Core/Src/main.c ****   /* USER CODE BEGIN 2 */
ARM GAS  C:\Users\sub\AppData\Local\Temp\ccgTO9cj.s 			page 3


  89:Core/Src/main.c **** 
  90:Core/Src/main.c ****   /* USER CODE END 2 */
  91:Core/Src/main.c **** 
  92:Core/Src/main.c ****   /* Infinite loop */
  93:Core/Src/main.c ****   /* USER CODE BEGIN WHILE */
  94:Core/Src/main.c ****   while (1)
  95:Core/Src/main.c ****   {
  96:Core/Src/main.c ****     /* USER CODE END WHILE */
  97:Core/Src/main.c ****     toggle ^= 1;
  98:Core/Src/main.c **** 
  99:Core/Src/main.c **** 
 100:Core/Src/main.c ****     if(HAL_GPIO_ReadPin(B1_GPIO_Port, B1_Pin)) {
 101:Core/Src/main.c **** 
 102:Core/Src/main.c **** 		HAL_GPIO_WritePin(LD4_GPIO_Port, LD4_Pin, toggle);
 103:Core/Src/main.c **** 		HAL_Delay(200);
 104:Core/Src/main.c **** 		HAL_GPIO_WritePin(LD3_GPIO_Port, LD3_Pin, toggle);
 105:Core/Src/main.c **** 		HAL_Delay(200);
 106:Core/Src/main.c **** 		HAL_GPIO_WritePin(LD5_GPIO_Port, LD5_Pin, toggle);
 107:Core/Src/main.c **** 		HAL_Delay(200);
 108:Core/Src/main.c **** 		HAL_GPIO_WritePin(LD6_GPIO_Port, LD6_Pin, toggle);
 109:Core/Src/main.c **** 		HAL_Delay(200);
 110:Core/Src/main.c **** 
 111:Core/Src/main.c ****     }
 112:Core/Src/main.c **** 
 113:Core/Src/main.c ****     /* USER CODE BEGIN 3 */
 114:Core/Src/main.c ****   }
 115:Core/Src/main.c ****   /* USER CODE END 3 */
 116:Core/Src/main.c **** }
 117:Core/Src/main.c **** 
 118:Core/Src/main.c **** /**
 119:Core/Src/main.c ****   * @brief System Clock Configuration
 120:Core/Src/main.c ****   * @retval None
 121:Core/Src/main.c ****   */
 122:Core/Src/main.c **** void SystemClock_Config(void)
 123:Core/Src/main.c **** {
 124:Core/Src/main.c ****   RCC_OscInitTypeDef RCC_OscInitStruct = {0};
 125:Core/Src/main.c ****   RCC_ClkInitTypeDef RCC_ClkInitStruct = {0};
 126:Core/Src/main.c **** 
 127:Core/Src/main.c ****   /** Configure the main internal regulator output voltage
 128:Core/Src/main.c ****   */
 129:Core/Src/main.c ****   __HAL_RCC_PWR_CLK_ENABLE();
 130:Core/Src/main.c ****   __HAL_PWR_VOLTAGESCALING_CONFIG(PWR_REGULATOR_VOLTAGE_SCALE1);
 131:Core/Src/main.c **** 
 132:Core/Src/main.c ****   /** Initializes the RCC Oscillators according to the specified parameters
 133:Core/Src/main.c ****   * in the RCC_OscInitTypeDef structure.
 134:Core/Src/main.c ****   */
 135:Core/Src/main.c ****   RCC_OscInitStruct.OscillatorType = RCC_OSCILLATORTYPE_HSI;
 136:Core/Src/main.c ****   RCC_OscInitStruct.HSIState = RCC_HSI_ON;
 137:Core/Src/main.c ****   RCC_OscInitStruct.HSICalibrationValue = RCC_HSICALIBRATION_DEFAULT;
 138:Core/Src/main.c ****   RCC_OscInitStruct.PLL.PLLState = RCC_PLL_NONE;
 139:Core/Src/main.c ****   if (HAL_RCC_OscConfig(&RCC_OscInitStruct) != HAL_OK)
 140:Core/Src/main.c ****   {
 141:Core/Src/main.c ****     Error_Handler();
 142:Core/Src/main.c ****   }
 143:Core/Src/main.c **** 
 144:Core/Src/main.c ****   /** Initializes the CPU, AHB and APB buses clocks
 145:Core/Src/main.c ****   */
ARM GAS  C:\Users\sub\AppData\Local\Temp\ccgTO9cj.s 			page 4


 146:Core/Src/main.c ****   RCC_ClkInitStruct.ClockType = RCC_CLOCKTYPE_HCLK|RCC_CLOCKTYPE_SYSCLK
 147:Core/Src/main.c ****                               |RCC_CLOCKTYPE_PCLK1|RCC_CLOCKTYPE_PCLK2;
 148:Core/Src/main.c ****   RCC_ClkInitStruct.SYSCLKSource = RCC_SYSCLKSOURCE_HSI;
 149:Core/Src/main.c ****   RCC_ClkInitStruct.AHBCLKDivider = RCC_SYSCLK_DIV1;
 150:Core/Src/main.c ****   RCC_ClkInitStruct.APB1CLKDivider = RCC_HCLK_DIV4;
 151:Core/Src/main.c ****   RCC_ClkInitStruct.APB2CLKDivider = RCC_HCLK_DIV2;
 152:Core/Src/main.c **** 
 153:Core/Src/main.c ****   if (HAL_RCC_ClockConfig(&RCC_ClkInitStruct, FLASH_LATENCY_0) != HAL_OK)
 154:Core/Src/main.c ****   {
 155:Core/Src/main.c ****     Error_Handler();
 156:Core/Src/main.c ****   }
 157:Core/Src/main.c **** }
 158:Core/Src/main.c **** 
 159:Core/Src/main.c **** /**
 160:Core/Src/main.c ****   * @brief GPIO Initialization Function
 161:Core/Src/main.c ****   * @param None
 162:Core/Src/main.c ****   * @retval None
 163:Core/Src/main.c ****   */
 164:Core/Src/main.c **** static void MX_GPIO_Init(void)
 165:Core/Src/main.c **** {
  28              		.loc 1 165 1 view -0
  29              		.cfi_startproc
  30              		@ args = 0, pretend = 0, frame = 32
  31              		@ frame_needed = 0, uses_anonymous_args = 0
  32 0000 70B5     		push	{r4, r5, r6, lr}
  33              	.LCFI0:
  34              		.cfi_def_cfa_offset 16
  35              		.cfi_offset 4, -16
  36              		.cfi_offset 5, -12
  37              		.cfi_offset 6, -8
  38              		.cfi_offset 14, -4
  39 0002 88B0     		sub	sp, sp, #32
  40              	.LCFI1:
  41              		.cfi_def_cfa_offset 48
 166:Core/Src/main.c ****   GPIO_InitTypeDef GPIO_InitStruct = {0};
  42              		.loc 1 166 3 view .LVU1
  43              		.loc 1 166 20 is_stmt 0 view .LVU2
  44 0004 0024     		movs	r4, #0
  45 0006 0394     		str	r4, [sp, #12]
  46 0008 0494     		str	r4, [sp, #16]
  47 000a 0594     		str	r4, [sp, #20]
  48 000c 0694     		str	r4, [sp, #24]
  49 000e 0794     		str	r4, [sp, #28]
 167:Core/Src/main.c **** /* USER CODE BEGIN MX_GPIO_Init_1 */
 168:Core/Src/main.c **** /* USER CODE END MX_GPIO_Init_1 */
 169:Core/Src/main.c **** 
 170:Core/Src/main.c ****   /* GPIO Ports Clock Enable */
 171:Core/Src/main.c ****   __HAL_RCC_GPIOA_CLK_ENABLE();
  50              		.loc 1 171 3 is_stmt 1 view .LVU3
  51              	.LBB4:
  52              		.loc 1 171 3 view .LVU4
  53 0010 0094     		str	r4, [sp]
  54              		.loc 1 171 3 view .LVU5
  55 0012 1D4B     		ldr	r3, .L3
  56 0014 1A6B     		ldr	r2, [r3, #48]
  57 0016 42F00102 		orr	r2, r2, #1
  58 001a 1A63     		str	r2, [r3, #48]
ARM GAS  C:\Users\sub\AppData\Local\Temp\ccgTO9cj.s 			page 5


  59              		.loc 1 171 3 view .LVU6
  60 001c 1A6B     		ldr	r2, [r3, #48]
  61 001e 02F00102 		and	r2, r2, #1
  62 0022 0092     		str	r2, [sp]
  63              		.loc 1 171 3 view .LVU7
  64 0024 009A     		ldr	r2, [sp]
  65              	.LBE4:
  66              		.loc 1 171 3 view .LVU8
 172:Core/Src/main.c ****   __HAL_RCC_GPIOD_CLK_ENABLE();
  67              		.loc 1 172 3 view .LVU9
  68              	.LBB5:
  69              		.loc 1 172 3 view .LVU10
  70 0026 0194     		str	r4, [sp, #4]
  71              		.loc 1 172 3 view .LVU11
  72 0028 1A6B     		ldr	r2, [r3, #48]
  73 002a 42F00802 		orr	r2, r2, #8
  74 002e 1A63     		str	r2, [r3, #48]
  75              		.loc 1 172 3 view .LVU12
  76 0030 1A6B     		ldr	r2, [r3, #48]
  77 0032 02F00802 		and	r2, r2, #8
  78 0036 0192     		str	r2, [sp, #4]
  79              		.loc 1 172 3 view .LVU13
  80 0038 019A     		ldr	r2, [sp, #4]
  81              	.LBE5:
  82              		.loc 1 172 3 view .LVU14
 173:Core/Src/main.c ****   __HAL_RCC_GPIOB_CLK_ENABLE();
  83              		.loc 1 173 3 view .LVU15
  84              	.LBB6:
  85              		.loc 1 173 3 view .LVU16
  86 003a 0294     		str	r4, [sp, #8]
  87              		.loc 1 173 3 view .LVU17
  88 003c 1A6B     		ldr	r2, [r3, #48]
  89 003e 42F00202 		orr	r2, r2, #2
  90 0042 1A63     		str	r2, [r3, #48]
  91              		.loc 1 173 3 view .LVU18
  92 0044 1B6B     		ldr	r3, [r3, #48]
  93 0046 03F00203 		and	r3, r3, #2
  94 004a 0293     		str	r3, [sp, #8]
  95              		.loc 1 173 3 view .LVU19
  96 004c 029B     		ldr	r3, [sp, #8]
  97              	.LBE6:
  98              		.loc 1 173 3 view .LVU20
 174:Core/Src/main.c **** 
 175:Core/Src/main.c ****   /*Configure GPIO pin Output Level */
 176:Core/Src/main.c ****   HAL_GPIO_WritePin(GPIOD, LD4_Pin|LD3_Pin|LD5_Pin|LD6_Pin, GPIO_PIN_RESET);
  99              		.loc 1 176 3 view .LVU21
 100 004e 0F4D     		ldr	r5, .L3+4
 101 0050 2246     		mov	r2, r4
 102 0052 4FF47041 		mov	r1, #61440
 103 0056 2846     		mov	r0, r5
 104 0058 FFF7FEFF 		bl	HAL_GPIO_WritePin
 105              	.LVL0:
 177:Core/Src/main.c **** 
 178:Core/Src/main.c ****   /*Configure GPIO pin : B1_Pin */
 179:Core/Src/main.c ****   GPIO_InitStruct.Pin = B1_Pin;
 106              		.loc 1 179 3 view .LVU22
 107              		.loc 1 179 23 is_stmt 0 view .LVU23
ARM GAS  C:\Users\sub\AppData\Local\Temp\ccgTO9cj.s 			page 6


 108 005c 0126     		movs	r6, #1
 109 005e 0396     		str	r6, [sp, #12]
 180:Core/Src/main.c ****   GPIO_InitStruct.Mode = GPIO_MODE_EVT_RISING;
 110              		.loc 1 180 3 is_stmt 1 view .LVU24
 111              		.loc 1 180 24 is_stmt 0 view .LVU25
 112 0060 4FF49013 		mov	r3, #1179648
 113 0064 0493     		str	r3, [sp, #16]
 181:Core/Src/main.c ****   GPIO_InitStruct.Pull = GPIO_NOPULL;
 114              		.loc 1 181 3 is_stmt 1 view .LVU26
 115              		.loc 1 181 24 is_stmt 0 view .LVU27
 116 0066 0594     		str	r4, [sp, #20]
 182:Core/Src/main.c ****   HAL_GPIO_Init(B1_GPIO_Port, &GPIO_InitStruct);
 117              		.loc 1 182 3 is_stmt 1 view .LVU28
 118 0068 03A9     		add	r1, sp, #12
 119 006a 0948     		ldr	r0, .L3+8
 120 006c FFF7FEFF 		bl	HAL_GPIO_Init
 121              	.LVL1:
 183:Core/Src/main.c **** 
 184:Core/Src/main.c ****   /*Configure GPIO pins : LD4_Pin LD3_Pin LD5_Pin LD6_Pin */
 185:Core/Src/main.c ****   GPIO_InitStruct.Pin = LD4_Pin|LD3_Pin|LD5_Pin|LD6_Pin;
 122              		.loc 1 185 3 view .LVU29
 123              		.loc 1 185 23 is_stmt 0 view .LVU30
 124 0070 4FF47043 		mov	r3, #61440
 125 0074 0393     		str	r3, [sp, #12]
 186:Core/Src/main.c ****   GPIO_InitStruct.Mode = GPIO_MODE_OUTPUT_PP;
 126              		.loc 1 186 3 is_stmt 1 view .LVU31
 127              		.loc 1 186 24 is_stmt 0 view .LVU32
 128 0076 0496     		str	r6, [sp, #16]
 187:Core/Src/main.c ****   GPIO_InitStruct.Pull = GPIO_NOPULL;
 129              		.loc 1 187 3 is_stmt 1 view .LVU33
 130              		.loc 1 187 24 is_stmt 0 view .LVU34
 131 0078 0594     		str	r4, [sp, #20]
 188:Core/Src/main.c ****   GPIO_InitStruct.Speed = GPIO_SPEED_FREQ_LOW;
 132              		.loc 1 188 3 is_stmt 1 view .LVU35
 133              		.loc 1 188 25 is_stmt 0 view .LVU36
 134 007a 0694     		str	r4, [sp, #24]
 189:Core/Src/main.c ****   HAL_GPIO_Init(GPIOD, &GPIO_InitStruct);
 135              		.loc 1 189 3 is_stmt 1 view .LVU37
 136 007c 03A9     		add	r1, sp, #12
 137 007e 2846     		mov	r0, r5
 138 0080 FFF7FEFF 		bl	HAL_GPIO_Init
 139              	.LVL2:
 190:Core/Src/main.c **** 
 191:Core/Src/main.c **** /* USER CODE BEGIN MX_GPIO_Init_2 */
 192:Core/Src/main.c **** /* USER CODE END MX_GPIO_Init_2 */
 193:Core/Src/main.c **** }
 140              		.loc 1 193 1 is_stmt 0 view .LVU38
 141 0084 08B0     		add	sp, sp, #32
 142              	.LCFI2:
 143              		.cfi_def_cfa_offset 16
 144              		@ sp needed
 145 0086 70BD     		pop	{r4, r5, r6, pc}
 146              	.L4:
 147              		.align	2
 148              	.L3:
 149 0088 00380240 		.word	1073887232
 150 008c 000C0240 		.word	1073875968
ARM GAS  C:\Users\sub\AppData\Local\Temp\ccgTO9cj.s 			page 7


 151 0090 00000240 		.word	1073872896
 152              		.cfi_endproc
 153              	.LFE132:
 155              		.section	.text.Error_Handler,"ax",%progbits
 156              		.align	1
 157              		.global	Error_Handler
 158              		.syntax unified
 159              		.thumb
 160              		.thumb_func
 162              	Error_Handler:
 163              	.LFB133:
 194:Core/Src/main.c **** 
 195:Core/Src/main.c **** /* USER CODE BEGIN 4 */
 196:Core/Src/main.c **** 
 197:Core/Src/main.c **** /* USER CODE END 4 */
 198:Core/Src/main.c **** 
 199:Core/Src/main.c **** /**
 200:Core/Src/main.c ****   * @brief  This function is executed in case of error occurrence.
 201:Core/Src/main.c ****   * @retval None
 202:Core/Src/main.c ****   */
 203:Core/Src/main.c **** void Error_Handler(void)
 204:Core/Src/main.c **** {
 164              		.loc 1 204 1 is_stmt 1 view -0
 165              		.cfi_startproc
 166              		@ Volatile: function does not return.
 167              		@ args = 0, pretend = 0, frame = 0
 168              		@ frame_needed = 0, uses_anonymous_args = 0
 169              		@ link register save eliminated.
 205:Core/Src/main.c ****   /* USER CODE BEGIN Error_Handler_Debug */
 206:Core/Src/main.c ****   /* User can add his own implementation to report the HAL error return state */
 207:Core/Src/main.c ****   __disable_irq();
 170              		.loc 1 207 3 view .LVU40
 171              	.LBB7:
 172              	.LBI7:
 173              		.file 2 "Drivers/CMSIS/Include/cmsis_gcc.h"
   1:Drivers/CMSIS/Include/cmsis_gcc.h **** /**************************************************************************//**
   2:Drivers/CMSIS/Include/cmsis_gcc.h ****  * @file     cmsis_gcc.h
   3:Drivers/CMSIS/Include/cmsis_gcc.h ****  * @brief    CMSIS compiler GCC header file
   4:Drivers/CMSIS/Include/cmsis_gcc.h ****  * @version  V5.0.4
   5:Drivers/CMSIS/Include/cmsis_gcc.h ****  * @date     09. April 2018
   6:Drivers/CMSIS/Include/cmsis_gcc.h ****  ******************************************************************************/
   7:Drivers/CMSIS/Include/cmsis_gcc.h **** /*
   8:Drivers/CMSIS/Include/cmsis_gcc.h ****  * Copyright (c) 2009-2018 Arm Limited. All rights reserved.
   9:Drivers/CMSIS/Include/cmsis_gcc.h ****  *
  10:Drivers/CMSIS/Include/cmsis_gcc.h ****  * SPDX-License-Identifier: Apache-2.0
  11:Drivers/CMSIS/Include/cmsis_gcc.h ****  *
  12:Drivers/CMSIS/Include/cmsis_gcc.h ****  * Licensed under the Apache License, Version 2.0 (the License); you may
  13:Drivers/CMSIS/Include/cmsis_gcc.h ****  * not use this file except in compliance with the License.
  14:Drivers/CMSIS/Include/cmsis_gcc.h ****  * You may obtain a copy of the License at
  15:Drivers/CMSIS/Include/cmsis_gcc.h ****  *
  16:Drivers/CMSIS/Include/cmsis_gcc.h ****  * www.apache.org/licenses/LICENSE-2.0
  17:Drivers/CMSIS/Include/cmsis_gcc.h ****  *
  18:Drivers/CMSIS/Include/cmsis_gcc.h ****  * Unless required by applicable law or agreed to in writing, software
  19:Drivers/CMSIS/Include/cmsis_gcc.h ****  * distributed under the License is distributed on an AS IS BASIS, WITHOUT
  20:Drivers/CMSIS/Include/cmsis_gcc.h ****  * WARRANTIES OR CONDITIONS OF ANY KIND, either express or implied.
  21:Drivers/CMSIS/Include/cmsis_gcc.h ****  * See the License for the specific language governing permissions and
  22:Drivers/CMSIS/Include/cmsis_gcc.h ****  * limitations under the License.
ARM GAS  C:\Users\sub\AppData\Local\Temp\ccgTO9cj.s 			page 8


  23:Drivers/CMSIS/Include/cmsis_gcc.h ****  */
  24:Drivers/CMSIS/Include/cmsis_gcc.h **** 
  25:Drivers/CMSIS/Include/cmsis_gcc.h **** #ifndef __CMSIS_GCC_H
  26:Drivers/CMSIS/Include/cmsis_gcc.h **** #define __CMSIS_GCC_H
  27:Drivers/CMSIS/Include/cmsis_gcc.h **** 
  28:Drivers/CMSIS/Include/cmsis_gcc.h **** /* ignore some GCC warnings */
  29:Drivers/CMSIS/Include/cmsis_gcc.h **** #pragma GCC diagnostic push
  30:Drivers/CMSIS/Include/cmsis_gcc.h **** #pragma GCC diagnostic ignored "-Wsign-conversion"
  31:Drivers/CMSIS/Include/cmsis_gcc.h **** #pragma GCC diagnostic ignored "-Wconversion"
  32:Drivers/CMSIS/Include/cmsis_gcc.h **** #pragma GCC diagnostic ignored "-Wunused-parameter"
  33:Drivers/CMSIS/Include/cmsis_gcc.h **** 
  34:Drivers/CMSIS/Include/cmsis_gcc.h **** /* Fallback for __has_builtin */
  35:Drivers/CMSIS/Include/cmsis_gcc.h **** #ifndef __has_builtin
  36:Drivers/CMSIS/Include/cmsis_gcc.h ****   #define __has_builtin(x) (0)
  37:Drivers/CMSIS/Include/cmsis_gcc.h **** #endif
  38:Drivers/CMSIS/Include/cmsis_gcc.h **** 
  39:Drivers/CMSIS/Include/cmsis_gcc.h **** /* CMSIS compiler specific defines */
  40:Drivers/CMSIS/Include/cmsis_gcc.h **** #ifndef   __ASM
  41:Drivers/CMSIS/Include/cmsis_gcc.h ****   #define __ASM                                  __asm
  42:Drivers/CMSIS/Include/cmsis_gcc.h **** #endif
  43:Drivers/CMSIS/Include/cmsis_gcc.h **** #ifndef   __INLINE
  44:Drivers/CMSIS/Include/cmsis_gcc.h ****   #define __INLINE                               inline
  45:Drivers/CMSIS/Include/cmsis_gcc.h **** #endif
  46:Drivers/CMSIS/Include/cmsis_gcc.h **** #ifndef   __STATIC_INLINE
  47:Drivers/CMSIS/Include/cmsis_gcc.h ****   #define __STATIC_INLINE                        static inline
  48:Drivers/CMSIS/Include/cmsis_gcc.h **** #endif
  49:Drivers/CMSIS/Include/cmsis_gcc.h **** #ifndef   __STATIC_FORCEINLINE                 
  50:Drivers/CMSIS/Include/cmsis_gcc.h ****   #define __STATIC_FORCEINLINE                   __attribute__((always_inline)) static inline
  51:Drivers/CMSIS/Include/cmsis_gcc.h **** #endif                                           
  52:Drivers/CMSIS/Include/cmsis_gcc.h **** #ifndef   __NO_RETURN
  53:Drivers/CMSIS/Include/cmsis_gcc.h ****   #define __NO_RETURN                            __attribute__((__noreturn__))
  54:Drivers/CMSIS/Include/cmsis_gcc.h **** #endif
  55:Drivers/CMSIS/Include/cmsis_gcc.h **** #ifndef   __USED
  56:Drivers/CMSIS/Include/cmsis_gcc.h ****   #define __USED                                 __attribute__((used))
  57:Drivers/CMSIS/Include/cmsis_gcc.h **** #endif
  58:Drivers/CMSIS/Include/cmsis_gcc.h **** #ifndef   __WEAK
  59:Drivers/CMSIS/Include/cmsis_gcc.h ****   #define __WEAK                                 __attribute__((weak))
  60:Drivers/CMSIS/Include/cmsis_gcc.h **** #endif
  61:Drivers/CMSIS/Include/cmsis_gcc.h **** #ifndef   __PACKED
  62:Drivers/CMSIS/Include/cmsis_gcc.h ****   #define __PACKED                               __attribute__((packed, aligned(1)))
  63:Drivers/CMSIS/Include/cmsis_gcc.h **** #endif
  64:Drivers/CMSIS/Include/cmsis_gcc.h **** #ifndef   __PACKED_STRUCT
  65:Drivers/CMSIS/Include/cmsis_gcc.h ****   #define __PACKED_STRUCT                        struct __attribute__((packed, aligned(1)))
  66:Drivers/CMSIS/Include/cmsis_gcc.h **** #endif
  67:Drivers/CMSIS/Include/cmsis_gcc.h **** #ifndef   __PACKED_UNION
  68:Drivers/CMSIS/Include/cmsis_gcc.h ****   #define __PACKED_UNION                         union __attribute__((packed, aligned(1)))
  69:Drivers/CMSIS/Include/cmsis_gcc.h **** #endif
  70:Drivers/CMSIS/Include/cmsis_gcc.h **** #ifndef   __UNALIGNED_UINT32        /* deprecated */
  71:Drivers/CMSIS/Include/cmsis_gcc.h ****   #pragma GCC diagnostic push
  72:Drivers/CMSIS/Include/cmsis_gcc.h ****   #pragma GCC diagnostic ignored "-Wpacked"
  73:Drivers/CMSIS/Include/cmsis_gcc.h ****   #pragma GCC diagnostic ignored "-Wattributes"
  74:Drivers/CMSIS/Include/cmsis_gcc.h ****   struct __attribute__((packed)) T_UINT32 { uint32_t v; };
  75:Drivers/CMSIS/Include/cmsis_gcc.h ****   #pragma GCC diagnostic pop
  76:Drivers/CMSIS/Include/cmsis_gcc.h ****   #define __UNALIGNED_UINT32(x)                  (((struct T_UINT32 *)(x))->v)
  77:Drivers/CMSIS/Include/cmsis_gcc.h **** #endif
  78:Drivers/CMSIS/Include/cmsis_gcc.h **** #ifndef   __UNALIGNED_UINT16_WRITE
  79:Drivers/CMSIS/Include/cmsis_gcc.h ****   #pragma GCC diagnostic push
ARM GAS  C:\Users\sub\AppData\Local\Temp\ccgTO9cj.s 			page 9


  80:Drivers/CMSIS/Include/cmsis_gcc.h ****   #pragma GCC diagnostic ignored "-Wpacked"
  81:Drivers/CMSIS/Include/cmsis_gcc.h ****   #pragma GCC diagnostic ignored "-Wattributes"
  82:Drivers/CMSIS/Include/cmsis_gcc.h ****   __PACKED_STRUCT T_UINT16_WRITE { uint16_t v; };
  83:Drivers/CMSIS/Include/cmsis_gcc.h ****   #pragma GCC diagnostic pop
  84:Drivers/CMSIS/Include/cmsis_gcc.h ****   #define __UNALIGNED_UINT16_WRITE(addr, val)    (void)((((struct T_UINT16_WRITE *)(void *)(addr))-
  85:Drivers/CMSIS/Include/cmsis_gcc.h **** #endif
  86:Drivers/CMSIS/Include/cmsis_gcc.h **** #ifndef   __UNALIGNED_UINT16_READ
  87:Drivers/CMSIS/Include/cmsis_gcc.h ****   #pragma GCC diagnostic push
  88:Drivers/CMSIS/Include/cmsis_gcc.h ****   #pragma GCC diagnostic ignored "-Wpacked"
  89:Drivers/CMSIS/Include/cmsis_gcc.h ****   #pragma GCC diagnostic ignored "-Wattributes"
  90:Drivers/CMSIS/Include/cmsis_gcc.h ****   __PACKED_STRUCT T_UINT16_READ { uint16_t v; };
  91:Drivers/CMSIS/Include/cmsis_gcc.h ****   #pragma GCC diagnostic pop
  92:Drivers/CMSIS/Include/cmsis_gcc.h ****   #define __UNALIGNED_UINT16_READ(addr)          (((const struct T_UINT16_READ *)(const void *)(add
  93:Drivers/CMSIS/Include/cmsis_gcc.h **** #endif
  94:Drivers/CMSIS/Include/cmsis_gcc.h **** #ifndef   __UNALIGNED_UINT32_WRITE
  95:Drivers/CMSIS/Include/cmsis_gcc.h ****   #pragma GCC diagnostic push
  96:Drivers/CMSIS/Include/cmsis_gcc.h ****   #pragma GCC diagnostic ignored "-Wpacked"
  97:Drivers/CMSIS/Include/cmsis_gcc.h ****   #pragma GCC diagnostic ignored "-Wattributes"
  98:Drivers/CMSIS/Include/cmsis_gcc.h ****   __PACKED_STRUCT T_UINT32_WRITE { uint32_t v; };
  99:Drivers/CMSIS/Include/cmsis_gcc.h ****   #pragma GCC diagnostic pop
 100:Drivers/CMSIS/Include/cmsis_gcc.h ****   #define __UNALIGNED_UINT32_WRITE(addr, val)    (void)((((struct T_UINT32_WRITE *)(void *)(addr))-
 101:Drivers/CMSIS/Include/cmsis_gcc.h **** #endif
 102:Drivers/CMSIS/Include/cmsis_gcc.h **** #ifndef   __UNALIGNED_UINT32_READ
 103:Drivers/CMSIS/Include/cmsis_gcc.h ****   #pragma GCC diagnostic push
 104:Drivers/CMSIS/Include/cmsis_gcc.h ****   #pragma GCC diagnostic ignored "-Wpacked"
 105:Drivers/CMSIS/Include/cmsis_gcc.h ****   #pragma GCC diagnostic ignored "-Wattributes"
 106:Drivers/CMSIS/Include/cmsis_gcc.h ****   __PACKED_STRUCT T_UINT32_READ { uint32_t v; };
 107:Drivers/CMSIS/Include/cmsis_gcc.h ****   #pragma GCC diagnostic pop
 108:Drivers/CMSIS/Include/cmsis_gcc.h ****   #define __UNALIGNED_UINT32_READ(addr)          (((const struct T_UINT32_READ *)(const void *)(add
 109:Drivers/CMSIS/Include/cmsis_gcc.h **** #endif
 110:Drivers/CMSIS/Include/cmsis_gcc.h **** #ifndef   __ALIGNED
 111:Drivers/CMSIS/Include/cmsis_gcc.h ****   #define __ALIGNED(x)                           __attribute__((aligned(x)))
 112:Drivers/CMSIS/Include/cmsis_gcc.h **** #endif
 113:Drivers/CMSIS/Include/cmsis_gcc.h **** #ifndef   __RESTRICT
 114:Drivers/CMSIS/Include/cmsis_gcc.h ****   #define __RESTRICT                             __restrict
 115:Drivers/CMSIS/Include/cmsis_gcc.h **** #endif
 116:Drivers/CMSIS/Include/cmsis_gcc.h **** 
 117:Drivers/CMSIS/Include/cmsis_gcc.h **** 
 118:Drivers/CMSIS/Include/cmsis_gcc.h **** /* ###########################  Core Function Access  ########################### */
 119:Drivers/CMSIS/Include/cmsis_gcc.h **** /** \ingroup  CMSIS_Core_FunctionInterface
 120:Drivers/CMSIS/Include/cmsis_gcc.h ****     \defgroup CMSIS_Core_RegAccFunctions CMSIS Core Register Access Functions
 121:Drivers/CMSIS/Include/cmsis_gcc.h ****   @{
 122:Drivers/CMSIS/Include/cmsis_gcc.h ****  */
 123:Drivers/CMSIS/Include/cmsis_gcc.h **** 
 124:Drivers/CMSIS/Include/cmsis_gcc.h **** /**
 125:Drivers/CMSIS/Include/cmsis_gcc.h ****   \brief   Enable IRQ Interrupts
 126:Drivers/CMSIS/Include/cmsis_gcc.h ****   \details Enables IRQ interrupts by clearing the I-bit in the CPSR.
 127:Drivers/CMSIS/Include/cmsis_gcc.h ****            Can only be executed in Privileged modes.
 128:Drivers/CMSIS/Include/cmsis_gcc.h ****  */
 129:Drivers/CMSIS/Include/cmsis_gcc.h **** __STATIC_FORCEINLINE void __enable_irq(void)
 130:Drivers/CMSIS/Include/cmsis_gcc.h **** {
 131:Drivers/CMSIS/Include/cmsis_gcc.h ****   __ASM volatile ("cpsie i" : : : "memory");
 132:Drivers/CMSIS/Include/cmsis_gcc.h **** }
 133:Drivers/CMSIS/Include/cmsis_gcc.h **** 
 134:Drivers/CMSIS/Include/cmsis_gcc.h **** 
 135:Drivers/CMSIS/Include/cmsis_gcc.h **** /**
 136:Drivers/CMSIS/Include/cmsis_gcc.h ****   \brief   Disable IRQ Interrupts
ARM GAS  C:\Users\sub\AppData\Local\Temp\ccgTO9cj.s 			page 10


 137:Drivers/CMSIS/Include/cmsis_gcc.h ****   \details Disables IRQ interrupts by setting the I-bit in the CPSR.
 138:Drivers/CMSIS/Include/cmsis_gcc.h ****            Can only be executed in Privileged modes.
 139:Drivers/CMSIS/Include/cmsis_gcc.h ****  */
 140:Drivers/CMSIS/Include/cmsis_gcc.h **** __STATIC_FORCEINLINE void __disable_irq(void)
 174              		.loc 2 140 27 view .LVU41
 175              	.LBB8:
 141:Drivers/CMSIS/Include/cmsis_gcc.h **** {
 142:Drivers/CMSIS/Include/cmsis_gcc.h ****   __ASM volatile ("cpsid i" : : : "memory");
 176              		.loc 2 142 3 view .LVU42
 177              		.syntax unified
 178              	@ 142 "Drivers/CMSIS/Include/cmsis_gcc.h" 1
 179 0000 72B6     		cpsid i
 180              	@ 0 "" 2
 181              		.thumb
 182              		.syntax unified
 183              	.L6:
 184              	.LBE8:
 185              	.LBE7:
 208:Core/Src/main.c ****   while (1)
 186              		.loc 1 208 3 discriminator 1 view .LVU43
 209:Core/Src/main.c ****   {
 210:Core/Src/main.c ****   }
 187              		.loc 1 210 3 discriminator 1 view .LVU44
 208:Core/Src/main.c ****   while (1)
 188              		.loc 1 208 9 discriminator 1 view .LVU45
 189 0002 FEE7     		b	.L6
 190              		.cfi_endproc
 191              	.LFE133:
 193              		.section	.text.SystemClock_Config,"ax",%progbits
 194              		.align	1
 195              		.global	SystemClock_Config
 196              		.syntax unified
 197              		.thumb
 198              		.thumb_func
 200              	SystemClock_Config:
 201              	.LFB131:
 123:Core/Src/main.c ****   RCC_OscInitTypeDef RCC_OscInitStruct = {0};
 202              		.loc 1 123 1 view -0
 203              		.cfi_startproc
 204              		@ args = 0, pretend = 0, frame = 80
 205              		@ frame_needed = 0, uses_anonymous_args = 0
 206 0000 00B5     		push	{lr}
 207              	.LCFI3:
 208              		.cfi_def_cfa_offset 4
 209              		.cfi_offset 14, -4
 210 0002 95B0     		sub	sp, sp, #84
 211              	.LCFI4:
 212              		.cfi_def_cfa_offset 88
 124:Core/Src/main.c ****   RCC_ClkInitTypeDef RCC_ClkInitStruct = {0};
 213              		.loc 1 124 3 view .LVU47
 124:Core/Src/main.c ****   RCC_ClkInitTypeDef RCC_ClkInitStruct = {0};
 214              		.loc 1 124 22 is_stmt 0 view .LVU48
 215 0004 3022     		movs	r2, #48
 216 0006 0021     		movs	r1, #0
 217 0008 08A8     		add	r0, sp, #32
 218 000a FFF7FEFF 		bl	memset
 219              	.LVL3:
ARM GAS  C:\Users\sub\AppData\Local\Temp\ccgTO9cj.s 			page 11


 125:Core/Src/main.c **** 
 220              		.loc 1 125 3 is_stmt 1 view .LVU49
 125:Core/Src/main.c **** 
 221              		.loc 1 125 22 is_stmt 0 view .LVU50
 222 000e 0023     		movs	r3, #0
 223 0010 0393     		str	r3, [sp, #12]
 224 0012 0493     		str	r3, [sp, #16]
 225 0014 0593     		str	r3, [sp, #20]
 226 0016 0693     		str	r3, [sp, #24]
 227 0018 0793     		str	r3, [sp, #28]
 129:Core/Src/main.c ****   __HAL_PWR_VOLTAGESCALING_CONFIG(PWR_REGULATOR_VOLTAGE_SCALE1);
 228              		.loc 1 129 3 is_stmt 1 view .LVU51
 229              	.LBB9:
 129:Core/Src/main.c ****   __HAL_PWR_VOLTAGESCALING_CONFIG(PWR_REGULATOR_VOLTAGE_SCALE1);
 230              		.loc 1 129 3 view .LVU52
 231 001a 0193     		str	r3, [sp, #4]
 129:Core/Src/main.c ****   __HAL_PWR_VOLTAGESCALING_CONFIG(PWR_REGULATOR_VOLTAGE_SCALE1);
 232              		.loc 1 129 3 view .LVU53
 233 001c 1A4A     		ldr	r2, .L13
 234 001e 116C     		ldr	r1, [r2, #64]
 235 0020 41F08051 		orr	r1, r1, #268435456
 236 0024 1164     		str	r1, [r2, #64]
 129:Core/Src/main.c ****   __HAL_PWR_VOLTAGESCALING_CONFIG(PWR_REGULATOR_VOLTAGE_SCALE1);
 237              		.loc 1 129 3 view .LVU54
 238 0026 126C     		ldr	r2, [r2, #64]
 239 0028 02F08052 		and	r2, r2, #268435456
 240 002c 0192     		str	r2, [sp, #4]
 129:Core/Src/main.c ****   __HAL_PWR_VOLTAGESCALING_CONFIG(PWR_REGULATOR_VOLTAGE_SCALE1);
 241              		.loc 1 129 3 view .LVU55
 242 002e 019A     		ldr	r2, [sp, #4]
 243              	.LBE9:
 129:Core/Src/main.c ****   __HAL_PWR_VOLTAGESCALING_CONFIG(PWR_REGULATOR_VOLTAGE_SCALE1);
 244              		.loc 1 129 3 view .LVU56
 130:Core/Src/main.c **** 
 245              		.loc 1 130 3 view .LVU57
 246              	.LBB10:
 130:Core/Src/main.c **** 
 247              		.loc 1 130 3 view .LVU58
 248 0030 0293     		str	r3, [sp, #8]
 130:Core/Src/main.c **** 
 249              		.loc 1 130 3 view .LVU59
 250 0032 164A     		ldr	r2, .L13+4
 251 0034 1168     		ldr	r1, [r2]
 252 0036 41F48041 		orr	r1, r1, #16384
 253 003a 1160     		str	r1, [r2]
 130:Core/Src/main.c **** 
 254              		.loc 1 130 3 view .LVU60
 255 003c 1268     		ldr	r2, [r2]
 256 003e 02F48042 		and	r2, r2, #16384
 257 0042 0292     		str	r2, [sp, #8]
 130:Core/Src/main.c **** 
 258              		.loc 1 130 3 view .LVU61
 259 0044 029A     		ldr	r2, [sp, #8]
 260              	.LBE10:
 130:Core/Src/main.c **** 
 261              		.loc 1 130 3 view .LVU62
 135:Core/Src/main.c ****   RCC_OscInitStruct.HSIState = RCC_HSI_ON;
ARM GAS  C:\Users\sub\AppData\Local\Temp\ccgTO9cj.s 			page 12


 262              		.loc 1 135 3 view .LVU63
 135:Core/Src/main.c ****   RCC_OscInitStruct.HSIState = RCC_HSI_ON;
 263              		.loc 1 135 36 is_stmt 0 view .LVU64
 264 0046 0222     		movs	r2, #2
 265 0048 0892     		str	r2, [sp, #32]
 136:Core/Src/main.c ****   RCC_OscInitStruct.HSICalibrationValue = RCC_HSICALIBRATION_DEFAULT;
 266              		.loc 1 136 3 is_stmt 1 view .LVU65
 136:Core/Src/main.c ****   RCC_OscInitStruct.HSICalibrationValue = RCC_HSICALIBRATION_DEFAULT;
 267              		.loc 1 136 30 is_stmt 0 view .LVU66
 268 004a 0122     		movs	r2, #1
 269 004c 0B92     		str	r2, [sp, #44]
 137:Core/Src/main.c ****   RCC_OscInitStruct.PLL.PLLState = RCC_PLL_NONE;
 270              		.loc 1 137 3 is_stmt 1 view .LVU67
 137:Core/Src/main.c ****   RCC_OscInitStruct.PLL.PLLState = RCC_PLL_NONE;
 271              		.loc 1 137 41 is_stmt 0 view .LVU68
 272 004e 1022     		movs	r2, #16
 273 0050 0C92     		str	r2, [sp, #48]
 138:Core/Src/main.c ****   if (HAL_RCC_OscConfig(&RCC_OscInitStruct) != HAL_OK)
 274              		.loc 1 138 3 is_stmt 1 view .LVU69
 138:Core/Src/main.c ****   if (HAL_RCC_OscConfig(&RCC_OscInitStruct) != HAL_OK)
 275              		.loc 1 138 34 is_stmt 0 view .LVU70
 276 0052 0E93     		str	r3, [sp, #56]
 139:Core/Src/main.c ****   {
 277              		.loc 1 139 3 is_stmt 1 view .LVU71
 139:Core/Src/main.c ****   {
 278              		.loc 1 139 7 is_stmt 0 view .LVU72
 279 0054 08A8     		add	r0, sp, #32
 280 0056 FFF7FEFF 		bl	HAL_RCC_OscConfig
 281              	.LVL4:
 139:Core/Src/main.c ****   {
 282              		.loc 1 139 6 view .LVU73
 283 005a 88B9     		cbnz	r0, .L11
 146:Core/Src/main.c ****                               |RCC_CLOCKTYPE_PCLK1|RCC_CLOCKTYPE_PCLK2;
 284              		.loc 1 146 3 is_stmt 1 view .LVU74
 146:Core/Src/main.c ****                               |RCC_CLOCKTYPE_PCLK1|RCC_CLOCKTYPE_PCLK2;
 285              		.loc 1 146 31 is_stmt 0 view .LVU75
 286 005c 0F23     		movs	r3, #15
 287 005e 0393     		str	r3, [sp, #12]
 148:Core/Src/main.c ****   RCC_ClkInitStruct.AHBCLKDivider = RCC_SYSCLK_DIV1;
 288              		.loc 1 148 3 is_stmt 1 view .LVU76
 148:Core/Src/main.c ****   RCC_ClkInitStruct.AHBCLKDivider = RCC_SYSCLK_DIV1;
 289              		.loc 1 148 34 is_stmt 0 view .LVU77
 290 0060 0021     		movs	r1, #0
 291 0062 0491     		str	r1, [sp, #16]
 149:Core/Src/main.c ****   RCC_ClkInitStruct.APB1CLKDivider = RCC_HCLK_DIV4;
 292              		.loc 1 149 3 is_stmt 1 view .LVU78
 149:Core/Src/main.c ****   RCC_ClkInitStruct.APB1CLKDivider = RCC_HCLK_DIV4;
 293              		.loc 1 149 35 is_stmt 0 view .LVU79
 294 0064 0591     		str	r1, [sp, #20]
 150:Core/Src/main.c ****   RCC_ClkInitStruct.APB2CLKDivider = RCC_HCLK_DIV2;
 295              		.loc 1 150 3 is_stmt 1 view .LVU80
 150:Core/Src/main.c ****   RCC_ClkInitStruct.APB2CLKDivider = RCC_HCLK_DIV2;
 296              		.loc 1 150 36 is_stmt 0 view .LVU81
 297 0066 4FF4A053 		mov	r3, #5120
 298 006a 0693     		str	r3, [sp, #24]
 151:Core/Src/main.c **** 
 299              		.loc 1 151 3 is_stmt 1 view .LVU82
ARM GAS  C:\Users\sub\AppData\Local\Temp\ccgTO9cj.s 			page 13


 151:Core/Src/main.c **** 
 300              		.loc 1 151 36 is_stmt 0 view .LVU83
 301 006c 4FF48053 		mov	r3, #4096
 302 0070 0793     		str	r3, [sp, #28]
 153:Core/Src/main.c ****   {
 303              		.loc 1 153 3 is_stmt 1 view .LVU84
 153:Core/Src/main.c ****   {
 304              		.loc 1 153 7 is_stmt 0 view .LVU85
 305 0072 03A8     		add	r0, sp, #12
 306 0074 FFF7FEFF 		bl	HAL_RCC_ClockConfig
 307              	.LVL5:
 153:Core/Src/main.c ****   {
 308              		.loc 1 153 6 view .LVU86
 309 0078 20B9     		cbnz	r0, .L12
 157:Core/Src/main.c **** 
 310              		.loc 1 157 1 view .LVU87
 311 007a 15B0     		add	sp, sp, #84
 312              	.LCFI5:
 313              		.cfi_remember_state
 314              		.cfi_def_cfa_offset 4
 315              		@ sp needed
 316 007c 5DF804FB 		ldr	pc, [sp], #4
 317              	.L11:
 318              	.LCFI6:
 319              		.cfi_restore_state
 141:Core/Src/main.c ****   }
 320              		.loc 1 141 5 is_stmt 1 view .LVU88
 321 0080 FFF7FEFF 		bl	Error_Handler
 322              	.LVL6:
 323              	.L12:
 155:Core/Src/main.c ****   }
 324              		.loc 1 155 5 view .LVU89
 325 0084 FFF7FEFF 		bl	Error_Handler
 326              	.LVL7:
 327              	.L14:
 328              		.align	2
 329              	.L13:
 330 0088 00380240 		.word	1073887232
 331 008c 00700040 		.word	1073770496
 332              		.cfi_endproc
 333              	.LFE131:
 335              		.section	.text.main,"ax",%progbits
 336              		.align	1
 337              		.global	main
 338              		.syntax unified
 339              		.thumb
 340              		.thumb_func
 342              	main:
 343              	.LFB130:
  65:Core/Src/main.c ****   /* USER CODE BEGIN 1 */
 344              		.loc 1 65 1 view -0
 345              		.cfi_startproc
 346              		@ Volatile: function does not return.
 347              		@ args = 0, pretend = 0, frame = 0
 348              		@ frame_needed = 0, uses_anonymous_args = 0
 349 0000 08B5     		push	{r3, lr}
 350              	.LCFI7:
ARM GAS  C:\Users\sub\AppData\Local\Temp\ccgTO9cj.s 			page 14


 351              		.cfi_def_cfa_offset 8
 352              		.cfi_offset 3, -8
 353              		.cfi_offset 14, -4
  73:Core/Src/main.c **** 
 354              		.loc 1 73 3 view .LVU91
 355 0002 FFF7FEFF 		bl	HAL_Init
 356              	.LVL8:
  80:Core/Src/main.c **** 
 357              		.loc 1 80 3 view .LVU92
 358 0006 FFF7FEFF 		bl	SystemClock_Config
 359              	.LVL9:
  87:Core/Src/main.c ****   /* USER CODE BEGIN 2 */
 360              		.loc 1 87 3 view .LVU93
 361 000a FFF7FEFF 		bl	MX_GPIO_Init
 362              	.LVL10:
 363              	.L16:
  94:Core/Src/main.c ****   {
 364              		.loc 1 94 3 view .LVU94
  97:Core/Src/main.c **** 
 365              		.loc 1 97 5 view .LVU95
  97:Core/Src/main.c **** 
 366              		.loc 1 97 12 is_stmt 0 view .LVU96
 367 000e 194A     		ldr	r2, .L19
 368 0010 1378     		ldrb	r3, [r2]	@ zero_extendqisi2
 369 0012 83F00103 		eor	r3, r3, #1
 370 0016 1370     		strb	r3, [r2]
 100:Core/Src/main.c **** 
 371              		.loc 1 100 5 is_stmt 1 view .LVU97
 100:Core/Src/main.c **** 
 372              		.loc 1 100 8 is_stmt 0 view .LVU98
 373 0018 0121     		movs	r1, #1
 374 001a 1748     		ldr	r0, .L19+4
 375 001c FFF7FEFF 		bl	HAL_GPIO_ReadPin
 376              	.LVL11:
 100:Core/Src/main.c **** 
 377              		.loc 1 100 7 view .LVU99
 378 0020 0028     		cmp	r0, #0
 379 0022 F4D0     		beq	.L16
 102:Core/Src/main.c **** 		HAL_Delay(200);
 380              		.loc 1 102 3 is_stmt 1 view .LVU100
 381 0024 134D     		ldr	r5, .L19
 382 0026 154C     		ldr	r4, .L19+8
 383 0028 2A78     		ldrb	r2, [r5]	@ zero_extendqisi2
 384 002a 4FF48051 		mov	r1, #4096
 385 002e 2046     		mov	r0, r4
 386 0030 FFF7FEFF 		bl	HAL_GPIO_WritePin
 387              	.LVL12:
 103:Core/Src/main.c **** 		HAL_GPIO_WritePin(LD3_GPIO_Port, LD3_Pin, toggle);
 388              		.loc 1 103 3 view .LVU101
 389 0034 C820     		movs	r0, #200
 390 0036 FFF7FEFF 		bl	HAL_Delay
 391              	.LVL13:
 104:Core/Src/main.c **** 		HAL_Delay(200);
 392              		.loc 1 104 3 view .LVU102
 393 003a 2A78     		ldrb	r2, [r5]	@ zero_extendqisi2
 394 003c 4FF40051 		mov	r1, #8192
 395 0040 2046     		mov	r0, r4
ARM GAS  C:\Users\sub\AppData\Local\Temp\ccgTO9cj.s 			page 15


 396 0042 FFF7FEFF 		bl	HAL_GPIO_WritePin
 397              	.LVL14:
 105:Core/Src/main.c **** 		HAL_GPIO_WritePin(LD5_GPIO_Port, LD5_Pin, toggle);
 398              		.loc 1 105 3 view .LVU103
 399 0046 C820     		movs	r0, #200
 400 0048 FFF7FEFF 		bl	HAL_Delay
 401              	.LVL15:
 106:Core/Src/main.c **** 		HAL_Delay(200);
 402              		.loc 1 106 3 view .LVU104
 403 004c 2A78     		ldrb	r2, [r5]	@ zero_extendqisi2
 404 004e 4FF48041 		mov	r1, #16384
 405 0052 2046     		mov	r0, r4
 406 0054 FFF7FEFF 		bl	HAL_GPIO_WritePin
 407              	.LVL16:
 107:Core/Src/main.c **** 		HAL_GPIO_WritePin(LD6_GPIO_Port, LD6_Pin, toggle);
 408              		.loc 1 107 3 view .LVU105
 409 0058 C820     		movs	r0, #200
 410 005a FFF7FEFF 		bl	HAL_Delay
 411              	.LVL17:
 108:Core/Src/main.c **** 		HAL_Delay(200);
 412              		.loc 1 108 3 view .LVU106
 413 005e 2A78     		ldrb	r2, [r5]	@ zero_extendqisi2
 414 0060 4FF40041 		mov	r1, #32768
 415 0064 2046     		mov	r0, r4
 416 0066 FFF7FEFF 		bl	HAL_GPIO_WritePin
 417              	.LVL18:
 109:Core/Src/main.c **** 
 418              		.loc 1 109 3 view .LVU107
 419 006a C820     		movs	r0, #200
 420 006c FFF7FEFF 		bl	HAL_Delay
 421              	.LVL19:
 422 0070 CDE7     		b	.L16
 423              	.L20:
 424 0072 00BF     		.align	2
 425              	.L19:
 426 0074 00000000 		.word	.LANCHOR0
 427 0078 00000240 		.word	1073872896
 428 007c 000C0240 		.word	1073875968
 429              		.cfi_endproc
 430              	.LFE130:
 432              		.global	toggle
 433              		.section	.bss.toggle,"aw",%nobits
 434              		.set	.LANCHOR0,. + 0
 437              	toggle:
 438 0000 00       		.space	1
 439              		.text
 440              	.Letext0:
 441              		.file 3 "c:\\program files (x86)\\gnu arm embedded toolchain\\10 2021.10\\arm-none-eabi\\include\\
 442              		.file 4 "c:\\program files (x86)\\gnu arm embedded toolchain\\10 2021.10\\arm-none-eabi\\include\\
 443              		.file 5 "Drivers/CMSIS/Device/ST/STM32F4xx/Include/stm32f407xx.h"
 444              		.file 6 "Drivers/STM32F4xx_HAL_Driver/Inc/stm32f4xx_hal_rcc_ex.h"
 445              		.file 7 "Drivers/STM32F4xx_HAL_Driver/Inc/stm32f4xx_hal_rcc.h"
 446              		.file 8 "Drivers/STM32F4xx_HAL_Driver/Inc/stm32f4xx_hal_gpio.h"
 447              		.file 9 "Drivers/STM32F4xx_HAL_Driver/Inc/stm32f4xx_hal_def.h"
 448              		.file 10 "Drivers/STM32F4xx_HAL_Driver/Inc/stm32f4xx_hal.h"
 449              		.file 11 "<built-in>"
ARM GAS  C:\Users\sub\AppData\Local\Temp\ccgTO9cj.s 			page 16


DEFINED SYMBOLS
                            *ABS*:00000000 main.c
C:\Users\sub\AppData\Local\Temp\ccgTO9cj.s:20     .text.MX_GPIO_Init:00000000 $t
C:\Users\sub\AppData\Local\Temp\ccgTO9cj.s:25     .text.MX_GPIO_Init:00000000 MX_GPIO_Init
C:\Users\sub\AppData\Local\Temp\ccgTO9cj.s:149    .text.MX_GPIO_Init:00000088 $d
C:\Users\sub\AppData\Local\Temp\ccgTO9cj.s:156    .text.Error_Handler:00000000 $t
C:\Users\sub\AppData\Local\Temp\ccgTO9cj.s:162    .text.Error_Handler:00000000 Error_Handler
C:\Users\sub\AppData\Local\Temp\ccgTO9cj.s:194    .text.SystemClock_Config:00000000 $t
C:\Users\sub\AppData\Local\Temp\ccgTO9cj.s:200    .text.SystemClock_Config:00000000 SystemClock_Config
C:\Users\sub\AppData\Local\Temp\ccgTO9cj.s:330    .text.SystemClock_Config:00000088 $d
C:\Users\sub\AppData\Local\Temp\ccgTO9cj.s:336    .text.main:00000000 $t
C:\Users\sub\AppData\Local\Temp\ccgTO9cj.s:342    .text.main:00000000 main
C:\Users\sub\AppData\Local\Temp\ccgTO9cj.s:426    .text.main:00000074 $d
C:\Users\sub\AppData\Local\Temp\ccgTO9cj.s:437    .bss.toggle:00000000 toggle
C:\Users\sub\AppData\Local\Temp\ccgTO9cj.s:438    .bss.toggle:00000000 $d

UNDEFINED SYMBOLS
HAL_GPIO_WritePin
HAL_GPIO_Init
memset
HAL_RCC_OscConfig
HAL_RCC_ClockConfig
HAL_Init
HAL_GPIO_ReadPin
HAL_Delay
