make.exe all --print-data-base --no-builtin-variables --no-builtin-rules --question
make: *** No rule to make target 'all'.  Stop.

# GNU Make 4.2.1
# Built for x86_64-unknown-cygwin
# Copyright (C) 1988-2016 Free Software Foundation, Inc.
# License GPLv3+: GNU GPL version 3 or later <http://gnu.org/licenses/gpl.html>
# This is free software: you are free to change and redistribute it.
# There is NO WARRANTY, to the extent permitted by law.
 

# Make data base, printed on Thu Aug 21 22:25:50 2025

# Variables

# 'override' directive
GNUMAKEFLAGS := 
# automatic
<D = $(patsubst %/,%,$(dir $<))
# automatic
?F = $(notdir $?)
# default
.SHELLFLAGS := -c
# environment
VSCODE_CRASH_REPORTER_PROCESS_TYPE = extensionHost
# makefile
MAKEFLAGS = pqrR
# automatic
?D = $(patsubst %/,%,$(dir $?))
# environment
PLATFORMIO_IDE = 3.3.3
# automatic
@D = $(patsubst %/,%,$(dir $@))
# environment
HOMEDRIVE = C:
# automatic
@F = $(notdir $@)
# automatic
^D = $(patsubst %/,%,$(dir $^))
# makefile
CURDIR := /cygdrive/d/aravind_git/my-stm32-code
# default
SHELL := /bin/sh
# environment
WINDIR = C:\WINDOWS
# environment
VSCODE_NLS_CONFIG = {"userLocale":"en-us","osLocale":"en-in","resolvedLanguage":"en","defaultMessagesFile":"C:\\Users\\sub\\AppData\\Local\\Programs\\Microsoft VS Code\\resources\\app\\out\\nls.messages.json","locale":"en-us","availableLanguages":{}}
 
# environment
ONEDRIVE = C:\Users\sub\OneDrive
# environment
VSCODE_PID = 13084
# environment
XILINXD_LICENSE_FILE = D:\software downloaded\Xilinx_ISE_Design_Suite_v14.7\Xilinx_ISE_Design_Suite_v14.7\ISE147_Crack
# environment
PATHEXT = .COM;.EXE;.BAT;.CMD;.VBS;.VBE;.JS;.JSE;.WSF;.WSH;.MSC
# makefile
MAKEFILE_LIST := 
# environment
FPS_BROWSER_USER_PROFILE_STRING = Default
# environment
TMP = /cygdrive/c/Users/sub/AppData/Local/Temp
# environment
PROGRAMW6432 = C:\Program Files
# environment
EFC_5632_2283032206 = 1
# environment
PROGRAMDATA = C:\ProgramData
# environment
VSCODE_CWD = D:\aravind_git\my-stm32-code
# default
MAKE_HOST := x86_64-unknown-cygwin
# environment
NO_PROXY = 127.0.0.1
# environment
LM_LICENSE_FILE = D:\software downloaded\Xilinx_ISE_Design_Suite_v14.7\Xilinx_ISE_Design_Suite_v14.7\ISE147_Crack
# environment
COMMONPROGRAMW6432 = C:\Program Files\Common Files
# environment
VSCODE_DOTNET_INSTALL_TOOL_ORIGINAL_HOME = undefined
# environment
LC_ALL = C
# environment
PROCESSOR_ARCHITECTURE = AMD64
# environment
USERPROFILE = C:\Users\sub
# environment
EFC_5632_3789132940 = 1
# environment
ALLUSERSPROFILE = C:\ProgramData
# environment
NUMBER_OF_PROCESSORS = 8
# environment
ELECTRON_RUN_AS_NODE = 1
# default
.FEATURES := target-specific order-only second-expansion else-if shortest-stem undefine oneshell archives jobserver output-sync check-symlink guile load
# environment
EFC_5632_1592913036 = 1
# automatic
%F = $(notdir $%)
# environment
CHROME_CRASHPAD_PIPE_NAME = \\.\pipe\crashpad_13084_RQGCWGDZBFDEJSTD
# environment
COMPUTERNAME = ARAVIND-PC
# environment
PROGRAMFILES = C:\Program Files
# default
.LOADED := 
# environment
DRIVERDATA = C:\Windows\System32\Drivers\DriverData
# environment
ORIGINAL_XDG_CURRENT_DESKTOP = undefined
# environment
USERNAME = sub
# environment
PUBLIC = C:\Users\Public
# environment
HOME = /home/sub
# environment
VSCODE_CLI = 1
# environment
VSCODE_CODE_CACHE_PATH = C:\Users\sub\AppData\Roaming\Code\CachedData\360a4e4fd251bfce169a4ddf857c7d25d1ad40da
# environment
APPLICATION_INSIGHTS_NO_DIAGNOSTIC_CHANNEL = 1
# environment
COMMONPROGRAMFILES = C:\Program Files\Common Files
# environment
LOGONSERVER = \\ARAVIND-PC
# environment
ONEDRIVECONSUMER = C:\Users\sub\OneDrive
# environment
VSCODE_HANDLES_UNCAUGHT_ERRORS = true
# environment
USERDOMAIN = ARAVIND-PC
# environment
MAKELEVEL := 0
# environment
PLATFORMIO_PATH = C:\Users\sub\.platformio\penv\Scripts;C:\Users\sub\.platformio\penv;C:\Users\sub\.platformio\python3;C:\Program Files\Common Files\Oracle\Java\javapath;C:\WINDOWS\system32;C:\WINDOWS;C:\WINDOWS\System32\Wbem;C:\WINDOWS\System32\WindowsPowerShell\v1.0\;C:\WINDOWS\System32\OpenSSH\;D:\software downloaded\Matlab 2014a\bin;C:\Program Files\Java\jdk-17.0.2\bin;C:\Program Files\dotnet\;C:\cygwin\bin;D:\software downloaded\cmake-3.26.4-windows-x86_64\bin;D:\software downloaded\OpenOCD-20231002-0.12.0\bin;C:\ninja.exe;C:\Program Files\Git\cmd;D:\aravind_git\toolchain\bin;C:\Users\sub\AppData\Local\Programs\Python\Python312\Scripts\;C:\Users\sub\AppData\Local\Programs\Python\Python312\;C:\Users\sub\AppData\Local\Microsoft\WindowsApps;C:\Program Files\Java\jdk-17.0.2\bin;C:\Program Files\CodeBlocks\MinGW\bin;C:\Users\sub\AppData\Local\Programs\Microsoft VS Code\bin;C:\Users\sub\.dotnet\tools;D:\aravind_git\toolchain\bin;;C:\Program Files\Common Files\Oracle\Java\javapath;C:\WINDOWS\system32;C:\WINDOWS;C:\WINDOWS\System32\Wbem;C:\WINDOWS\System32\WindowsPowerShell\v1.0\;C:\WINDOWS\System32\OpenSSH\;D:\software downloaded\Matlab 2014a\bin;C:\Program Files\Java\jdk-17.0.2\bin;C:\Program Files\dotnet\;C:\cygwin\bin;D:\software downloaded\cmake-3.26.4-windows-x86_64\bin;D:\software downloaded\OpenOCD-20231002-0.12.0\bin;C:\ninja.exe;C:\Program Files\Git\cmd;D:\aravind_git\toolchain\bin;C:\Users\sub\AppData\Local\Programs\Python\Python312\Scripts\;C:\Users\sub\AppData\Local\Programs\Python\Python312\;C:\Users\sub\AppData\Local\Microsoft\WindowsApps;C:\Program Files\Java\jdk-17.0.2\bin;C:\Program Files\CodeBlocks\MinGW\bin;C:\Users\sub\AppData\Local\Programs\Microsoft VS Code\bin;C:\Users\sub\.dotnet\tools;D:\aravind_git\toolchain\bin;
# environment
STM32CUBEMX_PATH = C:\Users\sub\AppData\Local\Programs\STM32CubeMX
# default
MAKECMDGOALS := all
# environment
PATH = /cygdrive/c/Program Files/Common Files/Oracle/Java/javapath:/cygdrive/c/WINDOWS/system32:/cygdrive/c/WINDOWS:/cygdrive/c/WINDOWS/System32/Wbem:/cygdrive/c/WINDOWS/System32/WindowsPowerShell/v1.0:/cygdrive/c/WINDOWS/System32/OpenSSH:/cygdrive/d/software downloaded/Matlab 2014a/bin:/cygdrive/c/Program Files/Java/jdk-17.0.2/bin:/cygdrive/c/Program Files/dotnet:/usr/bin:/cygdrive/d/software downloaded/cmake-3.26.4-windows-x86_64/bin:/cygdrive/d/software downloaded/OpenOCD-20231002-0.12.0/bin:/cygdrive/c/ninja.exe:/cygdrive/c/Program Files/Git/cmd:/cygdrive/d/aravind_git/toolchain/bin:/cygdrive/c/Users/sub/AppData/Local/Programs/Python/Python312/Scripts:/cygdrive/c/Users/sub/AppData/Local/Programs/Python/Python312:/cygdrive/c/Users/sub/AppData/Local/Microsoft/WindowsApps:/cygdrive/c/Program Files/Java/jdk-17.0.2/bin:/cygdrive/c/Program Files/CodeBlocks/MinGW/bin:/cygdrive/c/Users/sub/AppData/Local/Programs/Microsoft VS Code/bin:/cygdrive/c/Users/sub/.dotnet/tools:/cygdrive/d/aravind_git/toolchain/bin
# environment
!D: = d:\aravind_git\my-stm32-code
# environment
VSCODE_ESM_ENTRYPOINT = vs/workbench/api/node/extensionHostProcess
# default
MAKE_VERSION := 4.2.1
# makefile
.DEFAULT_GOAL := 
# environment
APPLICATION_INSIGHTS_NO_STATSBEAT = true
# environment
EFC_5632_2775293581 = 1
# default
MAKE = $(MAKE_COMMAND)
# environment
PROGRAMFILES(X86) = C:\Program Files (x86)
# automatic
 
%D = $(patsubst %/,%,$(dir $%))
# environment
EFC_5632_1262719628 = 1
# environment
LOCALAPPDATA = C:\Users\sub\AppData\Local
# environment
PSMODULEPATH = C:\Program Files\WindowsPowerShell\Modules;C:\WINDOWS\system32\WindowsPowerShell\v1.0\Modules
# default
MAKE_COMMAND := make
# default
.VARIABLES := 
# automatic
*F = $(notdir $*)
# environment
PROCESSOR_IDENTIFIER = AMD64 Family 23 Model 113 Stepping 0, AuthenticAMD
# environment
OS = Windows_NT
# environment
VSCODE_IPC_HOOK = \\.\pipe\1ccccb9e-1.103.1-main-sock
# environment
HOMEPATH = \Users\sub
# environment
COMMONPROGRAMFILES(X86) = C:\Program Files (x86)\Common Files
# environment
PROMPT = $P$G
# environment
MFLAGS = -pqrR
# automatic
*D = $(patsubst %/,%,$(dir $*))
# environment
SYSTEMROOT = C:\WINDOWS
# automatic
+D = $(patsubst %/,%,$(dir $+))
# environment
VSCODE_L10N_BUNDLE_LOCATION = 
# automatic
+F = $(notdir $+)
# environment
APPDATA = C:\Users\sub\AppData\Roaming
# environment
TEMP = /cygdrive/c/Users/sub/AppData/Local/Temp
# environment
COMSPEC = C:\WINDOWS\system32\cmd.exe
# default
MAKEFILES := 
# automatic
<F = $(notdir $<)
# environment
PLATFORMIO_CALLER = vscode
# environment
ELECTRON_NO_ATTACH_CONSOLE = 1
# automatic
^F = $(notdir $^)
# default
SUFFIXES := 
# environment
SYSTEMDRIVE = C:
# environment
SESSIONNAME = Console
# environment
PROCESSOR_REVISION = 7100
# default
.INCLUDE_DIRS = /usr/include /usr/include
# environment
VBOX_HWVIRTEX_IGNORE_SVM_IN_USE = 1
# default
.RECIPEPREFIX := 
# environment
LANG = C
# environment
PROCESSOR_LEVEL = 23
# environment
TERM = xterm-256color
# environment
FPS_BROWSER_APP_PROFILE_STRING = Internet Explorer
# environment
APPLICATIONINSIGHTS_CONFIGURATION_CONTENT = {}
# environment
NO_XILINX_DATA_LICENSE = HIDDEN
# environment
USERDOMAIN_ROAMINGPROFILE = ARAVIND-PC
# variable set hash-table stats:
# Load=113/1024=11%, Rehash=0, Collisions=20/132=15%

# Pattern-specific Variable Values

# No pattern-specific variable values.

# Directories

# . (device 2023360753, inode 4503599627421032): 11 files, no impossibilities.

# 11 files, no impossibilities in 1 directories.

# Implicit Rules

# No implicit rules.

# Files

# Not a target:
all:
#  Command line target.
#  Implicit rule search has been done.
#  File does not exist.
#  File has not been updated.

# Not a target:
Makefile:
#  Implicit rule search has been done.
#  File does not exist.
#  File has been updated.
#  Failed to be updated.

# Not a target:
makefile:
#  Implicit rule search has been done.
#  File does not exist.
#  File has been updated.
#  Failed to be updated.

# Not a target:
.DEFAULT:
#  Implicit rule search has not been done.
#  Modification time never checked.
#  File has not been updated.

# Not a target:
GNUmakefile:
#  Implicit rule search has been done.
#  File does not exist.
#  File has been updated.
#  Failed to be updated.

# files hash-table stats:
# Load=6/1024=1%, Rehash=0, Collisions=0/15=0%
# VPATH Search Paths

# No 'vpath' search paths.

# No general ('VPATH' variable) search path.

# strcache buffers: 1 (0) / strings = 18 / storage = 191 B / avg = 10 B
# current buf: size = 8162 B / used = 191 B / count = 18 / avg = 10 B
 

# strcache performance: lookups = 21 / hit rate = 14%
# hash-table stats:
# Load=18/8192=0%, Rehash=0, Collisions=1/21=5%
# Finished Make data base on Thu Aug 21 22:25:50 2025

 
